   Compiling salt-front v0.1.0 (/Users/kevin/projects/keuos/salt-front)
error: `self` parameter is only allowed in associated functions
   --> src/codegen/expr/resolver.rs:954:9
    |
954 |         &self, 
    |         ^^^^^ not semantically valid as function parameter
    |
    = note: associated functions are those in `impl` or `trait` definitions

error: `self` parameter is only allowed in associated functions
    --> src/codegen/expr/resolver.rs:1005:9
     |
1005 |         &self, 
     |         ^^^^^ not semantically valid as function parameter
     |
     = note: associated functions are those in `impl` or `trait` definitions

error: `self` parameter is only allowed in associated functions
    --> src/codegen/expr/resolver.rs:1017:9
     |
1017 |         &self, 
     |         ^^^^^ not semantically valid as function parameter
     |
     = note: associated functions are those in `impl` or `trait` definitions

error: `self` parameter is only allowed in associated functions
    --> src/codegen/expr/resolver.rs:1081:9
     |
1081 |         &self,
     |         ^^^^^ not semantically valid as function parameter
     |
     = note: associated functions are those in `impl` or `trait` definitions

error: `self` parameter is only allowed in associated functions
    --> src/codegen/expr/resolver.rs:1121:24
     |
1121 |     pub fn unify_types(&self, pattern: &Type, concrete: &Type, map: &mut HashMap<String, Type>) -> Result<(), String> {
     |                        ^^^^^ not semantically valid as function parameter
     |
     = note: associated functions are those in `impl` or `trait` definitions

error: `self` parameter is only allowed in associated functions
    --> src/codegen/expr/resolver.rs:1262:30
     |
1262 |     fn mangle_specialization(&self, base_name: &str, map: &HashMap<String, Type>, template: &SaltFn) -> String {
     |                              ^^^^^ not semantically valid as function parameter
     |
     = note: associated functions are those in `impl` or `trait` definitions

error: `self` parameter is only allowed in associated functions
    --> src/codegen/expr/resolver.rs:1352:26
     |
1352 |     fn resolve_signature(&self, template: &SaltFn, map: &HashMap<String, Type>) -> Result<(Type, Vec<Type>), String> {
     |                          ^^^^^ not semantically valid as function parameter
     |
     = note: associated functions are those in `impl` or `trait` definitions

error[E0401]: can't use `Self` from outer item
   --> src/codegen/expr/resolver.rs:954:10
    |
 48 | impl<'a, 'b> CallSiteResolver<'a, 'b> {
    | ---- `Self` type implicitly declared here, by this `impl`
...
954 |         &self, 
    |          ^^^^
    |          |
    |          use of `Self` from outer item
    |          refer to the type directly here instead

error[E0401]: can't use `Self` from outer item
    --> src/codegen/expr/resolver.rs:1005:10
     |
  48 | impl<'a, 'b> CallSiteResolver<'a, 'b> {
     | ---- `Self` type implicitly declared here, by this `impl`
...
1005 |         &self, 
     |          ^^^^
     |          |
     |          use of `Self` from outer item
     |          refer to the type directly here instead

error[E0401]: can't use `Self` from outer item
    --> src/codegen/expr/resolver.rs:1017:10
     |
  48 | impl<'a, 'b> CallSiteResolver<'a, 'b> {
     | ---- `Self` type implicitly declared here, by this `impl`
...
1017 |         &self, 
     |          ^^^^
     |          |
     |          use of `Self` from outer item
     |          refer to the type directly here instead

error[E0401]: can't use `Self` from outer item
    --> src/codegen/expr/resolver.rs:1081:10
     |
  48 | impl<'a, 'b> CallSiteResolver<'a, 'b> {
     | ---- `Self` type implicitly declared here, by this `impl`
...
1081 |         &self,
     |          ^^^^
     |          |
     |          use of `Self` from outer item
     |          refer to the type directly here instead

error[E0401]: can't use `Self` from outer item
    --> src/codegen/expr/resolver.rs:1121:25
     |
  48 | impl<'a, 'b> CallSiteResolver<'a, 'b> {
     | ---- `Self` type implicitly declared here, by this `impl`
...
1121 |     pub fn unify_types(&self, pattern: &Type, concrete: &Type, map: &mut HashMap<String, Type>) -> Result<(), String> {
     |                         ^^^^
     |                         |
     |                         use of `Self` from outer item
     |                         refer to the type directly here instead

error[E0401]: can't use `Self` from outer item
    --> src/codegen/expr/resolver.rs:1262:31
     |
  48 | impl<'a, 'b> CallSiteResolver<'a, 'b> {
     | ---- `Self` type implicitly declared here, by this `impl`
...
1262 |     fn mangle_specialization(&self, base_name: &str, map: &HashMap<String, Type>, template: &SaltFn) -> String {
     |                               ^^^^
     |                               |
     |                               use of `Self` from outer item
     |                               refer to the type directly here instead

error[E0401]: can't use `Self` from outer item
    --> src/codegen/expr/resolver.rs:1352:27
     |
  48 | impl<'a, 'b> CallSiteResolver<'a, 'b> {
     | ---- `Self` type implicitly declared here, by this `impl`
...
1352 |     fn resolve_signature(&self, template: &SaltFn, map: &HashMap<String, Type>) -> Result<(Type, Vec<Type>), String> {
     |                           ^^^^
     |                           |
     |                           use of `Self` from outer item
     |                           refer to the type directly here instead

warning: unused import: `z3::ast::Ast`
  --> src/codegen/verification/ptr_bounds_verifier.rs:18:5
   |
18 | use z3::ast::Ast;
   |     ^^^^^^^^^^^^
   |
   = note: `#[warn(unused_imports)]` (part of `#[warn(unused)]`) on by default

warning: unused import: `z3::ast::Ast`
  --> src/codegen/passes/loop_invariant.rs:16:5
   |
16 | use z3::ast::Ast;
   |     ^^^^^^^^^^^^

error[E0023]: this pattern has 2 fields, but the corresponding tuple variant has 1 field
   --> src/codegen/expr/utils.rs:358:35
    |
358 |                 if let Type::Enum(exp_name, exp_args) = exp {
    |                                   ^^^^^^^^  ^^^^^^^^ expected 1 field, found 2
    |
   ::: src/types.rs:75:10
    |
 75 |     Enum(String),
    |          ------ tuple variant has 1 field

error[E0599]: no method named `unify_generics` found for reference `&CallSiteResolver<'a, 'b>` in the current scope
   --> src/codegen/expr/resolver.rs:173:37
    |
173 |                 let spec_map = self.unify_generics(&target, &receiver_generics, &args_vec, local_vars, expected_ty)?;
    |                                     ^^^^^^^^^^^^^^ method not found in `&CallSiteResolver<'a, 'b>`

error[E0599]: no method named `mangle_specialization` found for reference `&CallSiteResolver<'a, 'b>` in the current scope
   --> src/codegen/expr/resolver.rs:176:41
    |
176 |                 let mangled_name = self.mangle_specialization(&target.base_name, &spec_map, &target.template);
    |                                         ^^^^^^^^^^^^^^^^^^^^^ method not found in `&CallSiteResolver<'a, 'b>`

error[E0599]: no method named `resolve_signature` found for reference `&CallSiteResolver<'a, 'b>` in the current scope
   --> src/codegen/expr/resolver.rs:179:46
    |
179 |                 let (ret_ty, arg_tys) = self.resolve_signature(&target.template, &spec_map)?;
    |                                              ^^^^^^^^^^^^^^^^^
    |
help: there is a method `resolve_path` with a similar name, but with different arguments
   --> src/codegen/expr/resolver.rs:550:5
    |
550 |     fn resolve_path(&self, expr: &syn::Expr) -> Result<(String, Vec<Type>), String> {
    |     ^^^^^^^^^^^^^^^^^^^^^^^^^^^^^^^^^^^^^^^^^^^^^^^^^^^^^^^^^^^^^^^^^^^^^^^^^^^^^^^

error[E0599]: no method named `resolve_signature` found for reference `&CallSiteResolver<'a, 'b>` in the current scope
   --> src/codegen/expr/resolver.rs:361:74
    |
361 | ...                   let (ret_ty, arg_tys) = self.resolve_signature(func, &empty_map)?;
    |                                                    ^^^^^^^^^^^^^^^^^
    |
help: there is a method `resolve_path` with a similar name, but with different arguments
   --> src/codegen/expr/resolver.rs:550:5
    |
550 |     fn resolve_path(&self, expr: &syn::Expr) -> Result<(String, Vec<Type>), String> {
    |     ^^^^^^^^^^^^^^^^^^^^^^^^^^^^^^^^^^^^^^^^^^^^^^^^^^^^^^^^^^^^^^^^^^^^^^^^^^^^^^^

error[E0599]: no method named `unify_generics` found for reference `&CallSiteResolver<'a, 'b>` in the current scope
   --> src/codegen/expr/resolver.rs:422:29
    |
422 |         let spec_map = self.unify_generics(&target, &explicit_generics, &args_vec, local_vars, expected_ty)?;
    |                             ^^^^^^^^^^^^^^ method not found in `&CallSiteResolver<'a, 'b>`

error[E0599]: no method named `mangle_specialization` found for reference `&CallSiteResolver<'a, 'b>` in the current scope
   --> src/codegen/expr/resolver.rs:425:33
    |
425 |         let mangled_name = self.mangle_specialization(&target.base_name, &spec_map, &target.template);
    |                                 ^^^^^^^^^^^^^^^^^^^^^ method not found in `&CallSiteResolver<'a, 'b>`

error[E0599]: no method named `resolve_signature` found for reference `&CallSiteResolver<'a, 'b>` in the current scope
   --> src/codegen/expr/resolver.rs:429:38
    |
429 |         let (ret_ty, arg_tys) = self.resolve_signature(&target.template, &spec_map)?;
    |                                      ^^^^^^^^^^^^^^^^^
    |
help: there is a method `resolve_path` with a similar name, but with different arguments
   --> src/codegen/expr/resolver.rs:550:5
    |
550 |     fn resolve_path(&self, expr: &syn::Expr) -> Result<(String, Vec<Type>), String> {
    |     ^^^^^^^^^^^^^^^^^^^^^^^^^^^^^^^^^^^^^^^^^^^^^^^^^^^^^^^^^^^^^^^^^^^^^^^^^^^^^^^

error[E0282]: type annotations needed
   --> src/codegen/expr/resolver.rs:470:54
    |
470 | ...                   tys.push(ty.clone());
    |                                ^^ cannot infer type

error[E0308]: mismatched types
   --> src/codegen/expr/resolver.rs:950:9
    |
908 | /         if !current_fn.is_empty() {
909 | |             // Extract the function's simple name from current_fn (e.g., "main__fib" -> "fib")
910 | |             let current_simple = current_fn.rsplit("__").next().unwrap_or(&current_fn);
...   |
950 | |         (candidate, false)
    | |         ^^^^^^^^^^^^^^^^^^ expected `()`, found `(String, bool)`
951 | |     }
    | |_____- expected this to be `()`
    |
    = note: expected unit type `()`
                   found tuple `(std::string::String, bool)`
help: you might have meant to return this value
    |
950 |         return (candidate, false);
    |         ++++++                   +

error[E0308]: mismatched types
   --> src/codegen/expr/resolver.rs:904:53
    |
904 |     fn resolve_canonical_name(&self, name: &str) -> (String, bool) {
    |        ----------------------                       ^^^^^^^^^^^^^^ expected `(String, bool)`, found `()`
    |        |
    |        implicitly returns `()` as its body has no tail or `return` expression
    |
    = note:  expected tuple `(std::string::String, bool)`
            found unit type `()`

error[E0282]: type annotations needed
    --> src/codegen/expr/resolver.rs:1299:45
     |
1299 |                         let already_added = params.iter().any(|p: &crate::grammar::GenericParam| {
     |                                             ^^^^^^ cannot infer type

warning: unused variable: `trait_name`
    --> src/codegen/context.rs:2454:67
     |
2454 |                     else if let crate::grammar::SaltImpl::Trait { trait_name, target_ty, methods, generics } = impl_item {
     |                                                                   ^^^^^^^^^^ help: try ignoring the field: `trait_name: _`
     |
     = note: `#[warn(unused_variables)]` (part of `#[warn(unused)]`) on by default

warning: unused variable: `current_args_len`
    --> src/codegen/type_bridge.rs:1436:39
     |
1436 | ...                   let current_args_len = ctx.current_generic_args().len();
     |                           ^^^^^^^^^^^^^^^^ help: if this is intentional, prefix it with an underscore: `_current_args_len`

warning: unused variable: `name`
    --> src/codegen/type_bridge.rs:1604:25
     |
1604 |     if let Type::Struct(name) = ty {
     |                         ^^^^ help: if this is intentional, prefix it with an underscore: `_name`

warning: unused variable: `enum_info`
   --> src/codegen/expr/mod.rs:250:25
    |
250 |             if let Some(enum_info) = ctx.is_result_enum(&ty) {
    |                         ^^^^^^^^^ help: if this is intentional, prefix it with an underscore: `_enum_info`

warning: unused variable: `e`
    --> src/codegen/expr/mod.rs:6016:21
     |
6016 |                 Err(e) => {
     |                     ^ help: if this is intentional, prefix it with an underscore: `_e`

error[E0004]: non-exhaustive patterns: `types::Type::I8`, `types::Type::I16`, `types::Type::I32` and 22 more not covered
    --> src/codegen/expr/mod.rs:6809:29
     |
6809 |                       match inner_resolved {
     |                             ^^^^^^^^^^^^^^ patterns `types::Type::I8`, `types::Type::I16`, `types::Type::I32` and 22 more not covered
     |
note: `types::Type` defined here
    --> src/types.rs:62:10
     |
  62 | pub enum Type {
     |          ^^^^
  63 |     I8, I16, I32, I64,
     |     --  ---  ---  --- not covered
     |     |   |    |
     |     |   |    not covered
     |     |   not covered
     |     not covered
  64 |     U8, U16, U32, U64, Usize,
     |     -- not covered
     = note: the matched value is of type `types::Type`
help: ensure that all possible cases are being handled by adding a match arm with a wildcard pattern as shown, or multiple match arms
     |
6871 ~                            },
6872 +                            _ => todo!()
     |

warning: unused variable: `self_ty`
   --> src/codegen/generic_resolver.rs:352:9
    |
352 |         self_ty: Option<&Type>,
    |         ^^^^^^^ help: if this is intentional, prefix it with an underscore: `_self_ty`

warning: unused variable: `struct_start`
   --> src/lib.rs:126:17
    |
126 |             let struct_start = i;
    |                 ^^^^^^^^^^^^ help: if this is intentional, prefix it with an underscore: `_struct_start`

warning: variable `struct_end` is assigned to, but never used
   --> src/lib.rs:131:17
    |
131 |             let mut struct_end = i;
    |                 ^^^^^^^^^^^^^^
    |
    = note: consider using `_struct_end` instead

warning: value assigned to `struct_end` is never read
   --> src/lib.rs:185:21
    |
185 |                     struct_end = i;
    |                     ^^^^^^^^^^^^^^
    |
    = help: maybe it is overwritten before being read?
    = note: `#[warn(unused_assignments)]` (part of `#[warn(unused)]`) on by default

warning: variable does not need to be mutable
    --> src/lib.rs:1024:9
     |
1024 |     let mut end = chars.len();
     |         ----^^^
     |         |
     |         help: remove this `mut`
     |
     = note: `#[warn(unused_mut)]` (part of `#[warn(unused)]`) on by default

warning: unused variable: `vverify`
    --> src/lib.rs:1080:124
     |
1080 | ...Registry>, skip_scan: bool, vverify: bool, disable_alias_scopes: bool, no_verify: bool, lib_mode: bool) -> anyhow::Result<String> {
     |                                ^^^^^^^ help: if this is intentional, prefix it with an underscore: `_vverify`

Some errors have detailed explanations: E0004, E0023, E0282, E0308, E0401, E0599.
For more information about an error, try `rustc --explain E0004`.
warning: `salt-front` (lib) generated 13 warnings
error: could not compile `salt-front` (lib) due to 27 previous errors; 13 warnings emitted
